current directory: /Users/maojanlin/University/maojanlin.github.io/vendor/bundle/ruby/3.4.0/gems/json-2.10.1/ext/json/ext/parser
/opt/homebrew/opt/ruby/bin/ruby extconf.rb
checking for rb_enc_interned_str() in ruby.h... yes
checking for rb_hash_new_capa() in ruby.h... yes
checking for rb_hash_bulk_insert() in ruby.h... yes
checking for rb_category_warn() in ruby.h... yes
checking for strnlen() in string.h... yes
checking for whether -std=c99 is accepted as CFLAGS... yes
creating Makefile

current directory: /Users/maojanlin/University/maojanlin.github.io/vendor/bundle/ruby/3.4.0/gems/json-2.10.1/ext/json/ext/parser
make DESTDIR\= sitearchdir\=./.gem.20250212-42001-2z0p0f sitelibdir\=./.gem.20250212-42001-2z0p0f clean

current directory: /Users/maojanlin/University/maojanlin.github.io/vendor/bundle/ruby/3.4.0/gems/json-2.10.1/ext/json/ext/parser
make DESTDIR\= sitearchdir\=./.gem.20250212-42001-2z0p0f sitelibdir\=./.gem.20250212-42001-2z0p0f
compiling parser.c
linking shared-object json/ext/parser.bundle
ld: warning: directory not found for option '-L/opt/homebrew/Cellar/openssl@3/3.4.0/lib'
ld: warning: directory not found for option '-L/opt/homebrew/Cellar/openssl@3/3.4.0/lib'
ld: warning: dylib (/opt/homebrew/Cellar/ruby/3.4.1/lib/libruby.3.4.dylib) was built for newer macOS version (14.0) than being linked (13.3)

current directory: /Users/maojanlin/University/maojanlin.github.io/vendor/bundle/ruby/3.4.0/gems/json-2.10.1/ext/json/ext/parser
make DESTDIR\= sitearchdir\=./.gem.20250212-42001-2z0p0f sitelibdir\=./.gem.20250212-42001-2z0p0f install
/usr/bin/install -c -m 0755 parser.bundle ./.gem.20250212-42001-2z0p0f/json/ext

current directory: /Users/maojanlin/University/maojanlin.github.io/vendor/bundle/ruby/3.4.0/gems/json-2.10.1/ext/json/ext/parser
make DESTDIR\= sitearchdir\=./.gem.20250212-42001-2z0p0f sitelibdir\=./.gem.20250212-42001-2z0p0f clean
